// Jest Snapshot v1, https://goo.gl/fbAQLP

exports[`Pruebas en archivo GifExpertApp Comprobar GifExpertApp correctamente 1`] = `
<Fragment>
  <h2>
    Gif Expert App
  </h2>
  <AddCategory
    setCategories={[Function]}
  />
  <hr />
  <ol>
    <GifGrid
      category="One Punch Men"
      key="One Punch Men"
    />
  </ol>
</Fragment>
`;
