// Jest Snapshot v1, https://goo.gl/fbAQLP

exports[`Pruebas en archivo GifGridItem Comprobar GifGridItem correctamente 1`] = `
<div
  className="card animate__animated  animate__fadeIn"
>
  <img
    alt="Un titulo"
    src="https://localhost/algo.js"
  />
  <p>
    Un titulo
  </p>
</div>
`;
