// Jest Snapshot v1, https://goo.gl/fbAQLP

exports[`Prueas en el GifGrid Mostrar correctamente GifGrid 1`] = `
<Fragment>
  <h3>
    Pokemon
  </h3>
  <p
    className="animate__animated animate__flash"
  >
    Loading
  </p>
  <div
    className="card-grid"
  />
</Fragment>
`;
